------------------------------------------------------------
Timing Analyzer Summary
------------------------------------------------------------

Type  : Slow 1200mV 85C Model Setup 'clk'
Slack : -1.452
TNS   : -13.298

Type  : Slow 1200mV 85C Model Hold 'clk'
Slack : 0.022
TNS   : 0.000

Type  : Slow 1200mV 85C Model Recovery 'clk'
Slack : -2.110
TNS   : -30.736

Type  : Slow 1200mV 85C Model Removal 'clk'
Slack : 0.367
TNS   : 0.000

Type  : Slow 1200mV 85C Model Minimum Pulse Width 'clk'
Slack : -3.000
TNS   : -23.000

Type  : Slow 1200mV 0C Model Setup 'clk'
Slack : -1.236
TNS   : -10.662

Type  : Slow 1200mV 0C Model Hold 'clk'
Slack : 0.045
TNS   : 0.000

Type  : Slow 1200mV 0C Model Recovery 'clk'
Slack : -1.815
TNS   : -26.226

Type  : Slow 1200mV 0C Model Removal 'clk'
Slack : 0.351
TNS   : 0.000

Type  : Slow 1200mV 0C Model Minimum Pulse Width 'clk'
Slack : -3.000
TNS   : -23.000

Type  : Fast 1200mV 0C Model Setup 'clk'
Slack : -0.373
TNS   : -2.339

Type  : Fast 1200mV 0C Model Hold 'clk'
Slack : -0.083
TNS   : -0.271

Type  : Fast 1200mV 0C Model Recovery 'clk'
Slack : -0.761
TNS   : -8.728

Type  : Fast 1200mV 0C Model Removal 'clk'
Slack : 0.245
TNS   : 0.000

Type  : Fast 1200mV 0C Model Minimum Pulse Width 'clk'
Slack : -3.000
TNS   : -23.832

------------------------------------------------------------
